// Jest Snapshot v1, https://goo.gl/fbAQLP

exports[`Button should render successfully 1`] = `
<div
  aria-expanded={false}
  className="root"
  onClick={[Function]}
  role="button"
  tabIndex={0}
>
  <div
    className="header"
  >
    <span
      className="label"
    >
      Dropdown title
    </span>
  </div>
  <div
    style={
      Object {
        "height": 0,
        "opacity": 0,
        "overflow": "hidden",
      }
    }
  >
    <div
      className="content"
    >
      <ul>
        <li>
          Test
        </li>
        <li>
          Test 2
        </li>
      </ul>
    </div>
  </div>
</div>
`;
